
14:55:35 === SMOKE BATCH START ===
14:55:35 START SMOKE_NEW_MTF_Trend_EURUSD
14:55:50 DONE SMOKE_NEW_MTF_Trend_EURUSD
14:55:50 START SMOKE_NEW_MTF_Trend_XAUUSD
14:56:04 DONE SMOKE_NEW_MTF_Trend_XAUUSD
14:56:04 START SMOKE_NEW_BlackWolf_EURUSD
14:56:58 DONE SMOKE_NEW_BlackWolf_EURUSD
14:56:58 START SMOKE_NEW_BlackWolf_XAUUSD
14:57:28 DONE SMOKE_NEW_BlackWolf_XAUUSD
14:57:28 START SMOKE_NEW_DayZone_v2_EURUSD
15:27:32 DONE SMOKE_NEW_DayZone_v2_EURUSD
15:27:32 START SMOKE_NEW_DayZone_v2_XAUUSD
15:27:58 DONE SMOKE_NEW_DayZone_v2_XAUUSD
15:27:58 START SMOKE_NEW_NuiIndy_RSI_ADX_EURUSD
15:28:25 DONE SMOKE_NEW_NuiIndy_RSI_ADX_EURUSD
15:28:25 START SMOKE_NEW_NuiIndy_RSI_ADX_XAUUSD
15:28:51 DONE SMOKE_NEW_NuiIndy_RSI_ADX_XAUUSD
15:28:51 START SMOKE_NEW_WinningPro25_EURUSD
15:29:17 DONE SMOKE_NEW_WinningPro25_EURUSD
15:29:17 START SMOKE_NEW_WinningPro25_XAUUSD
15:29:43 DONE SMOKE_NEW_WinningPro25_XAUUSD
15:29:43 START SMOKE_NEW_Grid197_ATR_EURUSD
15:30:10 DONE SMOKE_NEW_Grid197_ATR_EURUSD
15:30:10 START SMOKE_NEW_Grid197_ATR_XAUUSD
15:30:36 DONE SMOKE_NEW_Grid197_ATR_XAUUSD
15:30:36 START SMOKE_NEW_EX162_EMA_EURUSD
15:31:02 DONE SMOKE_NEW_EX162_EMA_EURUSD
15:31:02 START SMOKE_NEW_EX162_EMA_XAUUSD
15:31:28 DONE SMOKE_NEW_EX162_EMA_XAUUSD
15:31:28 START SMOKE_NEW_EX177_Grid_EURUSD
15:31:54 DONE SMOKE_NEW_EX177_Grid_EURUSD
15:31:54 START SMOKE_NEW_EX177_Grid_XAUUSD
15:32:21 DONE SMOKE_NEW_EX177_Grid_XAUUSD
15:32:21 START SMOKE_NEW_GhostBot_G07_EURUSD
15:32:47 DONE SMOKE_NEW_GhostBot_G07_EURUSD
15:32:47 START SMOKE_NEW_GhostBot_G07_XAUUSD
15:33:13 DONE SMOKE_NEW_GhostBot_G07_XAUUSD
15:33:13 START SMOKE_NEW_Grizzy_BUY_EURUSD
15:33:39 DONE SMOKE_NEW_Grizzy_BUY_EURUSD
15:33:39 START SMOKE_NEW_Grizzy_BUY_XAUUSD
15:34:06 DONE SMOKE_NEW_Grizzy_BUY_XAUUSD
15:34:06 START SMOKE_NEW_HalfTrend_MTF_EURUSD
15:34:32 DONE SMOKE_NEW_HalfTrend_MTF_EURUSD
15:34:32 START SMOKE_NEW_HalfTrend_MTF_XAUUSD
15:34:58 DONE SMOKE_NEW_HalfTrend_MTF_XAUUSD
15:34:58 START SMOKE_NEW_ESQ1004_BBR_EURUSD
15:35:24 DONE SMOKE_NEW_ESQ1004_BBR_EURUSD
15:35:24 START SMOKE_NEW_ESQ1004_BBR_XAUUSD
15:35:50 DONE SMOKE_NEW_ESQ1004_BBR_XAUUSD
15:35:50 START SMOKE_NEW_oh_MasterGrid_ATR_EURUSD
15:36:17 DONE SMOKE_NEW_oh_MasterGrid_ATR_EURUSD
15:36:17 START SMOKE_NEW_oh_MasterGrid_ATR_XAUUSD
15:36:43 DONE SMOKE_NEW_oh_MasterGrid_ATR_XAUUSD
15:36:43 START SMOKE_NEW_Ben_CR_2025_EURUSD
15:37:09 DONE SMOKE_NEW_Ben_CR_2025_EURUSD
15:37:09 START SMOKE_NEW_Ben_CR_2025_XAUUSD
15:37:35 DONE SMOKE_NEW_Ben_CR_2025_XAUUSD
15:37:35 START SMOKE_NEW_Ghost_JOMHOD_EURUSD
15:38:02 DONE SMOKE_NEW_Ghost_JOMHOD_EURUSD
15:38:02 START SMOKE_NEW_Ghost_JOMHOD_XAUUSD
15:38:28 DONE SMOKE_NEW_Ghost_JOMHOD_XAUUSD
15:38:28 START SMOKE_NEW_ST_EA03_MACD_EURUSD
15:38:54 DONE SMOKE_NEW_ST_EA03_MACD_EURUSD
15:38:54 START SMOKE_NEW_ST_EA03_MACD_XAUUSD
15:39:20 DONE SMOKE_NEW_ST_EA03_MACD_XAUUSD
15:39:20 START SMOKE_NEW_E4_7_4_EURUSD
15:39:47 DONE SMOKE_NEW_E4_7_4_EURUSD
15:39:47 START SMOKE_NEW_E4_7_4_XAUUSD
15:40:13 DONE SMOKE_NEW_E4_7_4_XAUUSD
15:40:13 START SMOKE_NEW_ScalpTrade_v23_EURUSD
15:40:39 DONE SMOKE_NEW_ScalpTrade_v23_EURUSD
15:40:39 START SMOKE_NEW_ScalpTrade_v23_XAUUSD
15:41:05 DONE SMOKE_NEW_ScalpTrade_v23_XAUUSD
15:41:05 START SMOKE_NEW_EA_TREND_V2_EURUSD
15:41:31 DONE SMOKE_NEW_EA_TREND_V2_EURUSD
15:41:31 START SMOKE_NEW_EA_TREND_V2_XAUUSD
15:41:58 DONE SMOKE_NEW_EA_TREND_V2_XAUUSD
15:41:58 START SMOKE_NEW_Oh_GridUL_V23_EURUSD
15:42:24 DONE SMOKE_NEW_Oh_GridUL_V23_EURUSD
15:42:24 START SMOKE_NEW_Oh_GridUL_V23_XAUUSD
15:42:50 DONE SMOKE_NEW_Oh_GridUL_V23_XAUUSD
15:42:50 === ALL DONE ===
