
15:48:26 === SMOKE BATCH2 START ===
15:48:26 START SMOKE_NEW_NuiIndy_RSI_ADX_EURUSD
15:52:45 DONE SMOKE_NEW_NuiIndy_RSI_ADX_EURUSD
15:52:48 START SMOKE_NEW_NuiIndy_RSI_ADX_XAUUSD
15:53:58 DONE SMOKE_NEW_NuiIndy_RSI_ADX_XAUUSD
15:54:01 START SMOKE_NEW_WinningPro25_EURUSD
15:54:15 DONE SMOKE_NEW_WinningPro25_EURUSD
15:54:18 START SMOKE_NEW_WinningPro25_XAUUSD
15:54:32 DONE SMOKE_NEW_WinningPro25_XAUUSD
15:54:35 START SMOKE_NEW_Grid197_ATR_EURUSD
15:56:02 DONE SMOKE_NEW_Grid197_ATR_EURUSD
15:56:05 START SMOKE_NEW_Grid197_ATR_XAUUSD
15:56:39 DONE SMOKE_NEW_Grid197_ATR_XAUUSD
15:56:42 START SMOKE_NEW_EX162_EMA_EURUSD
15:58:20 DONE SMOKE_NEW_EX162_EMA_EURUSD
15:58:23 START SMOKE_NEW_EX162_EMA_XAUUSD
15:58:54 DONE SMOKE_NEW_EX162_EMA_XAUUSD
15:58:57 START SMOKE_NEW_EX177_Grid_EURUSD
15:59:51 DONE SMOKE_NEW_EX177_Grid_EURUSD
15:59:54 START SMOKE_NEW_EX177_Grid_XAUUSD
16:00:33 DONE SMOKE_NEW_EX177_Grid_XAUUSD
16:00:36 START SMOKE_NEW_GhostBot_G07_EURUSD
16:05:36 DONE SMOKE_NEW_GhostBot_G07_EURUSD
16:05:39 START SMOKE_NEW_GhostBot_G07_XAUUSD
16:10:40 DONE SMOKE_NEW_GhostBot_G07_XAUUSD
16:10:43 START SMOKE_NEW_Grizzy_BUY_EURUSD
16:14:18 DONE SMOKE_NEW_Grizzy_BUY_EURUSD
16:14:21 START SMOKE_NEW_Grizzy_BUY_XAUUSD
16:15:35 DONE SMOKE_NEW_Grizzy_BUY_XAUUSD
16:15:38 START SMOKE_NEW_HalfTrend_MTF_EURUSD
16:15:56 DONE SMOKE_NEW_HalfTrend_MTF_EURUSD
16:15:59 START SMOKE_NEW_HalfTrend_MTF_XAUUSD
16:16:42 DONE SMOKE_NEW_HalfTrend_MTF_XAUUSD
16:16:45 START SMOKE_NEW_ESQ1004_BBR_EURUSD
16:17:15 DONE SMOKE_NEW_ESQ1004_BBR_EURUSD
16:17:18 START SMOKE_NEW_ESQ1004_BBR_XAUUSD
16:17:36 DONE SMOKE_NEW_ESQ1004_BBR_XAUUSD
16:17:39 START SMOKE_NEW_oh_MasterGrid_ATR_EURUSD
16:18:49 DONE SMOKE_NEW_oh_MasterGrid_ATR_EURUSD
16:18:52 START SMOKE_NEW_oh_MasterGrid_ATR_XAUUSD
16:19:19 DONE SMOKE_NEW_oh_MasterGrid_ATR_XAUUSD
16:19:22 START SMOKE_NEW_Ben_CR_2025_EURUSD
16:22:00 DONE SMOKE_NEW_Ben_CR_2025_EURUSD
16:22:03 START SMOKE_NEW_Ben_CR_2025_XAUUSD
16:24:34 DONE SMOKE_NEW_Ben_CR_2025_XAUUSD
16:24:37 START SMOKE_NEW_Ghost_JOMHOD_EURUSD
16:29:38 DONE SMOKE_NEW_Ghost_JOMHOD_EURUSD
16:29:41 START SMOKE_NEW_Ghost_JOMHOD_XAUUSD
16:34:41 DONE SMOKE_NEW_Ghost_JOMHOD_XAUUSD
16:34:44 START SMOKE_NEW_ST_EA03_MACD_EURUSD
16:35:27 DONE SMOKE_NEW_ST_EA03_MACD_EURUSD
16:35:30 START SMOKE_NEW_ST_EA03_MACD_XAUUSD
16:35:48 DONE SMOKE_NEW_ST_EA03_MACD_XAUUSD
16:35:51 START SMOKE_NEW_E4_7_4_EURUSD
16:36:41 DONE SMOKE_NEW_E4_7_4_EURUSD
16:36:44 START SMOKE_NEW_E4_7_4_XAUUSD
16:37:22 DONE SMOKE_NEW_E4_7_4_XAUUSD
16:37:25 START SMOKE_NEW_ScalpTrade_v23_EURUSD
16:41:36 DONE SMOKE_NEW_ScalpTrade_v23_EURUSD
16:41:39 START SMOKE_NEW_ScalpTrade_v23_XAUUSD
16:46:40 DONE SMOKE_NEW_ScalpTrade_v23_XAUUSD
16:46:43 START SMOKE_NEW_EA_TREND_V2_EURUSD
16:47:17 DONE SMOKE_NEW_EA_TREND_V2_EURUSD
16:47:20 START SMOKE_NEW_EA_TREND_V2_XAUUSD
16:47:35 DONE SMOKE_NEW_EA_TREND_V2_XAUUSD
16:47:38 START SMOKE_NEW_Oh_GridUL_V23_EURUSD
16:48:48 DONE SMOKE_NEW_Oh_GridUL_V23_EURUSD
16:48:51 START SMOKE_NEW_Oh_GridUL_V23_XAUUSD
16:49:05 DONE SMOKE_NEW_Oh_GridUL_V23_XAUUSD
16:49:08 === ALL DONE ===
