
18:18:32 === SMOKE BATCH4 START ===
18:18:32 START SMOKE_B4_GhostBot_G07_EURUSD
18:23:33 DONE SMOKE_B4_GhostBot_G07_EURUSD
18:23:36 START SMOKE_B4_GhostBot_G07_XAUUSD
18:28:37 DONE SMOKE_B4_GhostBot_G07_XAUUSD
18:28:40 START SMOKE_B4_Ghost_JOMHOD_EURUSD
18:33:41 DONE SMOKE_B4_Ghost_JOMHOD_EURUSD
18:33:44 START SMOKE_B4_Ghost_JOMHOD_XAUUSD
18:38:44 DONE SMOKE_B4_Ghost_JOMHOD_XAUUSD
18:38:47 START SMOKE_B4_WinningPro25_EURUSD
18:39:02 DONE SMOKE_B4_WinningPro25_EURUSD
18:39:05 START SMOKE_B4_WinningPro25_XAUUSD
18:39:19 DONE SMOKE_B4_WinningPro25_XAUUSD
18:39:22 START SMOKE_B4_DayZone_v2_EURUSD
18:44:23 DONE SMOKE_B4_DayZone_v2_EURUSD
18:44:26 START SMOKE_B4_DayZone_v2_XAUUSD
18:49:26 DONE SMOKE_B4_DayZone_v2_XAUUSD
18:49:30 START SMOKE_B4_EA_TREND_V2_EURUSD
18:50:04 DONE SMOKE_B4_EA_TREND_V2_EURUSD
18:50:07 START SMOKE_B4_EA_TREND_V2_XAUUSD
18:50:21 DONE SMOKE_B4_EA_TREND_V2_XAUUSD
18:50:24 START SMOKE_B4_Boss_Hedging_EURUSD
18:50:38 DONE SMOKE_B4_Boss_Hedging_EURUSD
18:50:41 START SMOKE_B4_Boss_Hedging_XAUUSD
18:50:55 DONE SMOKE_B4_Boss_Hedging_XAUUSD
18:50:58 START SMOKE_B4_GridProfit2way_EURUSD
18:51:13 DONE SMOKE_B4_GridProfit2way_EURUSD
18:51:16 START SMOKE_B4_GridProfit2way_XAUUSD
18:51:30 DONE SMOKE_B4_GridProfit2way_XAUUSD
18:51:33 START SMOKE_B4_NuiIndy_TriArb_EURUSD
18:51:47 DONE SMOKE_B4_NuiIndy_TriArb_EURUSD
18:51:50 START SMOKE_B4_NuiIndy_TriArb_XAUUSD
18:52:04 DONE SMOKE_B4_NuiIndy_TriArb_XAUUSD
18:52:07 START SMOKE_B4_Grizzy_BUY_EURUSD
18:55:42 DONE SMOKE_B4_Grizzy_BUY_EURUSD
18:55:45 START SMOKE_B4_Grizzy_BUY_XAUUSD
18:56:59 DONE SMOKE_B4_Grizzy_BUY_XAUUSD
18:57:02 === ALL DONE ===
