RUN_START B16_R4_USDJPY_H1_MAIN_M1 model=1 2026-09-02T06:12:34.0135545+00:00
symbol preflight: logical=USDJPY tester=USDJPY status=COMPARABLE_EXACT_SYMBOL economics=EXACT_SYMBOL_IDENTITY source=C:\Users\patip\AppData\Roaming\MetaQuotes\Terminal\9CA16B8382AE4CF692710FB36B9DA355\bases\ThinkMarkets-Live\symbols\selected-146237.dat; history/ticks metadata under 'C:\Users\patip\AppData\Roaming\MetaQuotes\Terminal\9CA16B8382AE4CF692710FB36B9DA355\bases\ThinkMarkets-Live'
surface: FULL -- full surface of build LAB_ENTRY_16: 173 of 173 inputs declared and present. No input is left to the terminal cache.
identity: PASS -- build_receipt=br-4fa94d22907b446ebc721d524bdfa5d1 ex5_sha256=212de9f292f2b90c24a71875352d81f39878148c57563b7d23b7a76216eb37db build=LAB_ENTRY_16 config_fingerprint=1eb741aa9be22d130d939440a00ff9890e5907c35ff1cbfd76809ee473aeadf8 config_scope=surface+constants set_sha256=7a8e8c78bfbcd245e039a629cceb8914a91531b86db23a2b5bf7c45f5778a782
stale-check: STALE -- C:\Users\patip\AppData\Roaming\MetaQuotes\Terminal\9CA16B8382AE4CF692710FB36B9DA355\MQL5\Experts\EA_LAB_TEST\B16-R4-r1\Boss_16_KangarooGrid.ex5 mtime=2026-08-29T19:18:25 :: binary mtime 2026-08-29 19:18:25 is OLDER than: D:\EA_LAB_CONTROL\worktrees\chat2-b16-r4-r2-46be4d74\ea_template\Boss_16_KangarooGrid.mq5 (2026-09-02 13:06:56); D:\EA_LAB_CONTROL\worktrees\chat2-b16-r4-r2-46be4d74\ea_template\core\LabCore.mqh (2026-09-02 13:06:56); D:\EA_LAB_CONTROL\worktrees\chat2- ...
launch: EA_LAB_TEST\B16-R4-r1\Boss_16_KangarooGrid | logical=USDJPY tester=USDJPY H1 | 2023.01.01..2025.12.31 | set=B16_USDJPY_BUY_H1_R4_PARENT.set
OK REPORT: D:\EA_LAB_CONTROL\worktrees\chat2-b16-r4-r2-46be4d74\_mt5_auto\reports\B16_R4_USDJPY_H1_MAIN_M1.htm (leverage verified 1:100)
RUN_END B16_R4_USDJPY_H1_MAIN_M1 code=0 2026-09-02T06:12:46.8607695+00:00
RUN_START B16_R4_USDJPY_H1_BWD_M1 model=1 2026-09-02T06:12:46.9355808+00:00
symbol preflight: logical=USDJPY tester=USDJPY status=COMPARABLE_EXACT_SYMBOL economics=EXACT_SYMBOL_IDENTITY source=C:\Users\patip\AppData\Roaming\MetaQuotes\Terminal\9CA16B8382AE4CF692710FB36B9DA355\bases\ThinkMarkets-Live\symbols\selected-146237.dat; history/ticks metadata under 'C:\Users\patip\AppData\Roaming\MetaQuotes\Terminal\9CA16B8382AE4CF692710FB36B9DA355\bases\ThinkMarkets-Live'
surface: FULL -- full surface of build LAB_ENTRY_16: 173 of 173 inputs declared and present. No input is left to the terminal cache.
identity: PASS -- build_receipt=br-4fa94d22907b446ebc721d524bdfa5d1 ex5_sha256=212de9f292f2b90c24a71875352d81f39878148c57563b7d23b7a76216eb37db build=LAB_ENTRY_16 config_fingerprint=1eb741aa9be22d130d939440a00ff9890e5907c35ff1cbfd76809ee473aeadf8 config_scope=surface+constants set_sha256=7a8e8c78bfbcd245e039a629cceb8914a91531b86db23a2b5bf7c45f5778a782
stale-check: STALE -- C:\Users\patip\AppData\Roaming\MetaQuotes\Terminal\9CA16B8382AE4CF692710FB36B9DA355\MQL5\Experts\EA_LAB_TEST\B16-R4-r1\Boss_16_KangarooGrid.ex5 mtime=2026-08-29T19:18:25 :: binary mtime 2026-08-29 19:18:25 is OLDER than: D:\EA_LAB_CONTROL\worktrees\chat2-b16-r4-r2-46be4d74\ea_template\Boss_16_KangarooGrid.mq5 (2026-09-02 13:06:56); D:\EA_LAB_CONTROL\worktrees\chat2-b16-r4-r2-46be4d74\ea_template\core\LabCore.mqh (2026-09-02 13:06:56); D:\EA_LAB_CONTROL\worktrees\chat2- ...
launch: EA_LAB_TEST\B16-R4-r1\Boss_16_KangarooGrid | logical=USDJPY tester=USDJPY H1 | 2020.01.01..2022.12.31 | set=B16_USDJPY_BUY_H1_R4_PARENT.set
OK REPORT: D:\EA_LAB_CONTROL\worktrees\chat2-b16-r4-r2-46be4d74\_mt5_auto\reports\B16_R4_USDJPY_H1_BWD_M1.htm (leverage verified 1:100)
RUN_END B16_R4_USDJPY_H1_BWD_M1 code=0 2026-09-02T06:12:59.4468006+00:00
RUN_START B16_R4_USDJPY_H1_MAIN_M4 model=4 2026-09-02T06:13:17.9990898+00:00
symbol preflight: logical=USDJPY tester=USDJPY status=COMPARABLE_EXACT_SYMBOL economics=EXACT_SYMBOL_IDENTITY source=C:\Users\patip\AppData\Roaming\MetaQuotes\Terminal\9CA16B8382AE4CF692710FB36B9DA355\bases\ThinkMarkets-Live\symbols\selected-146237.dat; history/ticks metadata under 'C:\Users\patip\AppData\Roaming\MetaQuotes\Terminal\9CA16B8382AE4CF692710FB36B9DA355\bases\ThinkMarkets-Live'
surface: FULL -- full surface of build LAB_ENTRY_16: 173 of 173 inputs declared and present. No input is left to the terminal cache.
identity: PASS -- build_receipt=br-4fa94d22907b446ebc721d524bdfa5d1 ex5_sha256=212de9f292f2b90c24a71875352d81f39878148c57563b7d23b7a76216eb37db build=LAB_ENTRY_16 config_fingerprint=1eb741aa9be22d130d939440a00ff9890e5907c35ff1cbfd76809ee473aeadf8 config_scope=surface+constants set_sha256=7a8e8c78bfbcd245e039a629cceb8914a91531b86db23a2b5bf7c45f5778a782
stale-check: STALE -- C:\Users\patip\AppData\Roaming\MetaQuotes\Terminal\9CA16B8382AE4CF692710FB36B9DA355\MQL5\Experts\EA_LAB_TEST\B16-R4-r1\Boss_16_KangarooGrid.ex5 mtime=2026-08-29T19:18:25 :: binary mtime 2026-08-29 19:18:25 is OLDER than: D:\EA_LAB_CONTROL\worktrees\chat2-b16-r4-r2-46be4d74\ea_template\Boss_16_KangarooGrid.mq5 (2026-09-02 13:06:56); D:\EA_LAB_CONTROL\worktrees\chat2-b16-r4-r2-46be4d74\ea_template\core\LabCore.mqh (2026-09-02 13:06:56); D:\EA_LAB_CONTROL\worktrees\chat2- ...
launch: EA_LAB_TEST\B16-R4-r1\Boss_16_KangarooGrid | logical=USDJPY tester=USDJPY H1 | 2023.01.01..2025.12.31 | set=B16_USDJPY_BUY_H1_R4_PARENT.set
OK REPORT: D:\EA_LAB_CONTROL\worktrees\chat2-b16-r4-r2-46be4d74\_mt5_auto\reports\B16_R4_USDJPY_H1_MAIN_M4.htm (leverage verified 1:100)
RUN_END B16_R4_USDJPY_H1_MAIN_M4 code=0 2026-09-02T06:14:55.0449796+00:00
RUN_START B16_R4_USDJPY_H1_BWD_M4 model=4 2026-09-02T06:14:55.5630432+00:00
symbol preflight: logical=USDJPY tester=USDJPY status=COMPARABLE_EXACT_SYMBOL economics=EXACT_SYMBOL_IDENTITY source=C:\Users\patip\AppData\Roaming\MetaQuotes\Terminal\9CA16B8382AE4CF692710FB36B9DA355\bases\ThinkMarkets-Live\symbols\selected-146237.dat; history/ticks metadata under 'C:\Users\patip\AppData\Roaming\MetaQuotes\Terminal\9CA16B8382AE4CF692710FB36B9DA355\bases\ThinkMarkets-Live'
surface: FULL -- full surface of build LAB_ENTRY_16: 173 of 173 inputs declared and present. No input is left to the terminal cache.
identity: PASS -- build_receipt=br-4fa94d22907b446ebc721d524bdfa5d1 ex5_sha256=212de9f292f2b90c24a71875352d81f39878148c57563b7d23b7a76216eb37db build=LAB_ENTRY_16 config_fingerprint=1eb741aa9be22d130d939440a00ff9890e5907c35ff1cbfd76809ee473aeadf8 config_scope=surface+constants set_sha256=7a8e8c78bfbcd245e039a629cceb8914a91531b86db23a2b5bf7c45f5778a782
stale-check: STALE -- C:\Users\patip\AppData\Roaming\MetaQuotes\Terminal\9CA16B8382AE4CF692710FB36B9DA355\MQL5\Experts\EA_LAB_TEST\B16-R4-r1\Boss_16_KangarooGrid.ex5 mtime=2026-08-29T19:18:25 :: binary mtime 2026-08-29 19:18:25 is OLDER than: D:\EA_LAB_CONTROL\worktrees\chat2-b16-r4-r2-46be4d74\ea_template\Boss_16_KangarooGrid.mq5 (2026-09-02 13:06:56); D:\EA_LAB_CONTROL\worktrees\chat2-b16-r4-r2-46be4d74\ea_template\core\LabCore.mqh (2026-09-02 13:06:56); D:\EA_LAB_CONTROL\worktrees\chat2- ...
launch: EA_LAB_TEST\B16-R4-r1\Boss_16_KangarooGrid | logical=USDJPY tester=USDJPY H1 | 2020.01.01..2022.12.31 | set=B16_USDJPY_BUY_H1_R4_PARENT.set
OK REPORT: D:\EA_LAB_CONTROL\worktrees\chat2-b16-r4-r2-46be4d74\_mt5_auto\reports\B16_R4_USDJPY_H1_BWD_M4.htm (leverage verified 1:100)
RUN_END B16_R4_USDJPY_H1_BWD_M4 code=0 2026-09-02T06:16:08.1011166+00:00
